Microsoft Windows [Version 10.0.19044.2486]
(c) Microsoft Corporation. All rights reserved.

C:\Users\a_fuj>cd C:\Users\a_fuj\PycharmProjects\untitled2\datascience\Streamlit

C:\Users\a_fuj\PycharmProjects\untitled2\datascience\Streamlit>streamlit run app.py

  You can now view your Streamlit app in your browser.

  Local URL: http://localhost:8501
  Network URL: http://192.168.1.196:8501


submit_btn:False
cancel_btn:False

submit_btn:True
cancel_btn:False

submit_btn:False
cancel_btn:True
  Stopping...

C:\Users\a_fuj\PycharmProjects\untitled2\datascience\Streamlit>
C:\Users\a_fuj\PycharmProjects\untitled2\datascience\Streamlit>git init
Reinitialized existing Git repository in C:/Users/a_fuj/PycharmProjects/untitled2/datascience/Streamlit/.git/

C:\Users\a_fuj\PycharmProjects\untitled2\datascience\Streamlit>git remote add origin https://github.com/fujisawaxxxx/youtube-streamlit.git
error: remote origin already exists.

C:\Users\a_fuj\PycharmProjects\untitled2\datascience\Streamlit>git remote rm origin

C:\Users\a_fuj\PycharmProjects\untitled2\datascience\Streamlit>git remote add origin https://github.com/fujisawaxxxx/youtube-streamlit.git

C:\Users\a_fuj\PycharmProjects\untitled2\datascience\Streamlit>pip freeze| grep strea
'grep' は、内部コマンドまたは外部コマンド、
操作可能なプログラムまたはバッチ ファイルとして認識されていません。

C:\Users\a_fuj\PycharmProjects\untitled2\datascience\Streamlit>pip freeze
alabaster==0.7.12
altair==4.2.0
argh==0.26.2
async-generator==1.10
attrs==21.2.0
backcall==0.2.0
backports.zoneinfo==0.2.1
bcrypt==4.0.1
beautifulsoup4==4.11.1
blinker==1.5
cachetools==5.2.1
certifi==2020.4.5.1
cffi==1.15.0
chardet==3.0.4
click==8.1.3
colorama==0.4.5
cryptography==36.0.0
DateTime==4.3
decorator==5.1.1
entrypoints==0.4
et-xmlfile==1.0.1
Flask==2.1.2
gitdb==4.0.10
GitPython==3.1.30
gmail==0.6.3
google-api-core==2.11.0
google-auth==2.16.0
google-cloud==0.34.0
google-cloud-core==2.3.2
google-cloud-storage==2.7.0
google-cloud-vision==3.3.0
google-crc32c==1.5.0
google-resumable-media==2.4.0
googleapis-common-protos==1.58.0
grpcio==1.51.1
grpcio-status==1.51.1
h11==0.12.0
idna==2.9
importlib-metadata==4.11.4
importlib-resources==5.10.2
itsdangerous==2.1.2
jdcal==1.4.1
Jinja2==3.1.2
jsonschema==4.17.3
markdown-it-py==2.1.0
MarkupSafe==2.1.1
mdurl==0.1.2
MouseInfo==0.1.3
numpy==1.20.1
opencv-contrib-python==4.5.1.48
opencv-python==4.5.1.48
openpyxl==3.0.3
outcome==1.1.0
packaging==23.0
pandas==1.3.5
paramiko==2.12.0
pathtools==0.1.2
Pillow==7.1.1
pkgutil_resolve_name==1.3.10
proto-plus==1.22.2
protobuf==3.20.3
pyarrow==10.0.1
pyasn1==0.4.8
pyasn1-modules==0.2.8
PyAutoGUI==0.9.50
pycparser==2.21
pydeck==0.8.0
PyGetWindow==0.0.8
Pygments==2.14.0
Pympler==1.0.1
PyMsgBox==1.0.7
PyNaCl==1.5.0
pyOpenSSL==21.0.0
pyperclip==1.8.0
PyRect==0.1.4
pyrsistent==0.19.3
PyScreeze==0.1.26
python-dateutil==2.8.2
PyTweening==1.0.3
pytz==2019.3
pytz-deprecation-shim==0.1.0.post0
PyYAML==5.3.1
requests==2.23.0
rich==13.2.0
rsa==4.9
selenium==4.1.0
semver==2.13.0
six==1.16.0
smmap==5.0.0
sniffio==1.2.0
sortedcontainers==2.4.0
soupsieve==2.3.2.post1
SpeechRecognition==3.8.1
storage==0.0.4.3
streamlit==1.17.0
toml==0.10.2
toolz==0.12.0
tornado==6.2
tqdm==4.45.0
trio==0.19.0
trio-websocket==0.9.2
typing_extensions==4.2.0
tzdata==2022.7
tzlocal==4.2
urllib3==1.25.11
validators==0.20.0
watchdog==0.10.2
Werkzeug==2.1.2
wsproto==1.0.0
zipp==3.8.0
zope.interface==5.1.0

C:\Users\a_fuj\PycharmProjects\untitled2\datascience\Streamlit>git add .

C:\Users\a_fuj\PycharmProjects\untitled2\datascience\Streamlit>git commit -m'1st commit'
error: pathspec 'commit'' did not match any file(s) known to git

C:\Users\a_fuj\PycharmProjects\untitled2\datascience\Streamlit>git commit -m '1st commit'
error: pathspec 'commit'' did not match any file(s) known to git

C:\Users\a_fuj\PycharmProjects\untitled2\datascience\Streamlit>git commit -m '1st commit'
error: pathspec 'commit'' did not match any file(s) known to git

C:\Users\a_fuj\PycharmProjects\untitled2\datascience\Streamlit>git status
On branch master
Changes to be committed:
  (use "git restore --staged <file>..." to unstage)
        modified:   app.py
        modified:   requirements.txt
        modified:   "\345\202\231\345\277\230\351\214\262.txt"


C:\Users\a_fuj\PycharmProjects\untitled2\datascience\Streamlit>git add -A

C:\Users\a_fuj\PycharmProjects\untitled2\datascience\Streamlit>git commit -m "first commit"
[master cc9d309] first commit
 3 files changed, 12 insertions(+), 4 deletions(-)

C:\Users\a_fuj\PycharmProjects\untitled2\datascience\Streamlit>git push origin master
info: please complete authentication in your browser...
Enumerating objects: 13, done.
Counting objects: 100% (13/13), done.
Delta compression using up to 8 threads
Compressing objects: 100% (11/11), done.
Writing objects: 100% (13/13), 2.56 KiB | 436.00 KiB/s, done.
Total 13 (delta 3), reused 0 (delta 0), pack-reused 0
remote: Resolving deltas: 100% (3/3), done.
To https://github.com/fujisawaxxxx/youtube-streamlit.git
 * [new branch]      master -> master

C:\Users\a_fuj\PycharmProjects\untitled2\datascience\Streamlit>dir >log.txt

C:\Users\a_fuj\PycharmProjects\untitled2\datascience\Streamlit>